
Discarded input sections

 .comment       0x0000000000000000       0x2c ./init/main.o
 .eh_frame      0x0000000000000000       0x38 ./init/main.o
 .comment       0x0000000000000000       0x2c ./boot/boot.o
 .eh_frame      0x0000000000000000       0xa0 ./boot/boot.o

Memory Configuration

Name             Origin             Length             Attributes
*default*        0x0000000000000000 0xffffffffffffffff

Linker script and memory map

                0x0000000000100000                . = 0x100000
                [!provide]                        PROVIDE (_start = .)

.text.init      0x0000000000100000     0x1000
 *(.text.init)
 .text.init     0x0000000000100000       0x38 ./boot/grub_head.o
                0x000000000010000c                start
                0x0000000000100030                flush
 .text.init     0x0000000000100038      0x2df ./boot/boot.o
                0x0000000000100038                kern_entry
                0x0000000000101000                . = ALIGN (0x1000)
 *fill*         0x0000000000100317      0xce9 

.data.init      0x0000000000101000     0x5000
 *(.data.init)
 .data.init     0x0000000000101000     0x1000 ./boot/grub_head.o
                0x0000000000101000                stack_start
 .data.init     0x0000000000102000     0x3000 ./boot/boot.o
                0x0000000000102000                glb_mboot_ptr
                0x0000000000103000                pgd
                0x0000000000104000                pte
                0x0000000000106000                . = ALIGN (0x2000)
 *fill*         0x0000000000105000     0x1000 
                0x00000000c0106000                . = (. + 0xc0000000)

.text           0x00000000c0106000     0x1000 load address 0x0000000000106000
 *(.text)
 .text          0x00000000c0106000        0x0 ./boot/grub_head.o
 .text          0x00000000c0106000      0x173 ./init/main.o
                0x00000000c0106000                start_kernel
 .text          0x00000000c0106173        0x0 ./boot/boot.o
                0x00000000c0107000                . = ALIGN (0x1000)
 *fill*         0x00000000c0106173      0xe8d 

.iplt           0x00000000c0107000        0x0 load address 0x0000000000107000
 .iplt          0x00000000c0107000        0x0 ./boot/grub_head.o

.rel.dyn        0x00000000c0107000        0x0 load address 0x0000000000107000
 .rel.got       0x00000000c0107000        0x0 ./boot/grub_head.o
 .rel.iplt      0x00000000c0107000        0x0 ./boot/grub_head.o

.data           0x00000000c0107000     0x1000 load address 0x0000000000107000
 *(.data)
 .data          0x00000000c0107000        0x0 ./boot/grub_head.o
 .data          0x00000000c0107000        0x0 ./init/main.o
 .data          0x00000000c0107000        0x0 ./boot/boot.o
 *(.rodata)
                0x00000000c0108000                . = ALIGN (0x2000)
 *fill*         0x00000000c0107000     0x1000 

.got            0x00000000c0108000        0x0 load address 0x0000000000108000
 .got           0x00000000c0108000        0x0 ./boot/grub_head.o

.got.plt        0x00000000c0108000        0x0 load address 0x0000000000108000
 .got.plt       0x00000000c0108000        0x0 ./boot/grub_head.o

.igot.plt       0x00000000c0108000        0x0 load address 0x0000000000108000
 .igot.plt      0x00000000c0108000        0x0 ./boot/grub_head.o

.bss            0x00000000c0108000     0x1000 load address 0x0000000000108000
 *(.bss)
 .bss           0x00000000c0108000        0x0 ./boot/grub_head.o
 .bss           0x00000000c0108000        0x0 ./init/main.o
 .bss           0x00000000c0108000        0x4 ./boot/boot.o
                0x00000000c0108000                kern_stack_top
                0x00000000c0109000                . = ALIGN (0x1000)
 *fill*         0x00000000c0108004      0xffc 

.stab           0x00000000c0109000     0x1000 load address 0x0000000000109000
 *(.stab)
                0x00000000c010a000                . = ALIGN (0x2000)
 *fill*         0x00000000c0109000     0x1000 

.data.init_task
                0x00000000c010a000        0x0 load address 0x000000000010a000
 *(.data.init_task)
                0x00000000c010a000                . = ALIGN (0x2000)
                [!provide]                        PROVIDE (__initcall_start = .)

.initcall.init  0x00000000c010a000        0x0 load address 0x000000000010a000
 *(.initcall.init)
                [!provide]                        PROVIDE (__initcall_end = .)
                0x00000000c010a000                . = ALIGN (0x2000)
                0x00000000c010c000                . = (. + 0x2000)

.stabstr        0x00000000c010c000        0x0 load address 0x000000000010c000
 *(.stabstr)
                0x00000000c010c000                . = ALIGN (0x1000)
                [!provide]                        PROVIDE (_end = .)

/DISCARD/
 *(.comment)
 *(.eh_frame)
LOAD ./boot/grub_head.o
LOAD ./init/main.o
LOAD ./boot/boot.o
OUTPUT(kernel.bin elf32-i386)

.debug_line     0x0000000000000000      0x2eb
 .debug_line    0x0000000000000000       0x49 ./boot/grub_head.o
 .debug_line    0x0000000000000049      0x103 ./init/main.o
 .debug_line    0x000000000000014c      0x19f ./boot/boot.o

.debug_info     0x0000000000000000      0x596
 .debug_info    0x0000000000000000       0x26 ./boot/grub_head.o
 .debug_info    0x0000000000000026       0xaa ./init/main.o
 .debug_info    0x00000000000000d0      0x4c6 ./boot/boot.o

.debug_abbrev   0x0000000000000000      0x22a
 .debug_abbrev  0x0000000000000000       0x14 ./boot/grub_head.o
 .debug_abbrev  0x0000000000000014       0x6f ./init/main.o
 .debug_abbrev  0x0000000000000083      0x1a7 ./boot/boot.o

.debug_aranges  0x0000000000000000       0x78
 .debug_aranges
                0x0000000000000000       0x20 ./boot/grub_head.o
 .debug_aranges
                0x0000000000000020       0x20 ./init/main.o
 .debug_aranges
                0x0000000000000040       0x38 ./boot/boot.o

.debug_str      0x0000000000000000      0x37f
 .debug_str     0x0000000000000000       0x35 ./boot/grub_head.o
 .debug_str     0x0000000000000035      0x117 ./init/main.o
                                        0x148 (size before relaxing)
 .debug_str     0x000000000000014c      0x233 ./boot/boot.o
                                        0x392 (size before relaxing)

.debug_loc      0x0000000000000000      0x118
 .debug_loc     0x0000000000000000       0x38 ./init/main.o
 .debug_loc     0x0000000000000038       0xe0 ./boot/boot.o

.note.GNU-stack
                0x0000000000000000        0x0
 .note.GNU-stack
                0x0000000000000000        0x0 ./init/main.o
 .note.GNU-stack
                0x0000000000000000        0x0 ./boot/boot.o

.debug_ranges   0x0000000000000000       0x28
 .debug_ranges  0x0000000000000000       0x28 ./boot/boot.o
