
Memory Configuration

Name             Origin             Length             Attributes
*default*        0x0000000000000000 0xffffffffffffffff

Linker script and memory map

                0x0000000000100000                . = 0x100000
                [!provide]                        PROVIDE (_start = .)

.data.grub_head_data
                0x0000000000100000        0xc
 *(.grub_head_data)
 .data.grub_head_data
                0x0000000000100000        0xc build/arch/i386/kernel/grub_head.o

.text.grub_head_code
                0x000000000010000c        0x7
 *(.grub_head_code)
 .text.grub_head_code
                0x000000000010000c        0x7 build/arch/i386/kernel/grub_head.o
                0x000000000010000c                grub_head_to_startup_32
                0x00000000c0100013                . = (. + 0xc0000000)

.text.init      0x00000000c0100013      0xfed load address 0x0000000000100013
 *(.text.init)
 .text.init     0x00000000c0100013        0xe build/arch/i386/kernel/head.o
                0x00000000c0101000                . = ALIGN (0x1000)
 *fill*         0x00000000c0100021      0xfdf 

.data.init      0x00000000c0101000        0x0 load address 0x0000000000100013
 *(.data.init)
                0x00000000c0101000                . = ALIGN (0x1000)

.text           0x00000000c0101000        0x0 load address 0x0000000000101000
 *(.text)
 .text          0x00000000c0101000        0x0 build/arch/i386/kernel/grub_head.o
 .text          0x00000000c0101000        0x0 build/arch/i386/kernel/head.o
                0x00000000c0101000                . = ALIGN (0x1000)

.iplt           0x00000000c0101000        0x0 load address 0x0000000000101000
 .iplt          0x00000000c0101000        0x0 build/arch/i386/kernel/grub_head.o

.rel.dyn        0x00000000c0101000        0x0 load address 0x0000000000101000
 .rel.got       0x00000000c0101000        0x0 build/arch/i386/kernel/grub_head.o
 .rel.iplt      0x00000000c0101000        0x0 build/arch/i386/kernel/grub_head.o

.data           0x00000000c0101000        0x0 load address 0x0000000000101000
 *(.data)
 .data          0x00000000c0101000        0x0 build/arch/i386/kernel/grub_head.o
 .data          0x00000000c0101000        0x0 build/arch/i386/kernel/head.o
 *(.rodata)
                0x00000000c0101000                . = ALIGN (0x1000)

.got            0x00000000c0101000        0x0 load address 0x0000000000101000
 .got           0x00000000c0101000        0x0 build/arch/i386/kernel/grub_head.o

.got.plt        0x00000000c0101000        0x0 load address 0x0000000000101000
 .got.plt       0x00000000c0101000        0x0 build/arch/i386/kernel/grub_head.o

.igot.plt       0x00000000c0101000        0x0 load address 0x0000000000101000
 .igot.plt      0x00000000c0101000        0x0 build/arch/i386/kernel/grub_head.o

.bss            0x00000000c0101000        0x0 load address 0x0000000000101000
 *(.bss)
 .bss           0x00000000c0101000        0x0 build/arch/i386/kernel/grub_head.o
 .bss           0x00000000c0101000        0x0 build/arch/i386/kernel/head.o
                0x00000000c0101000                . = ALIGN (0x1000)

.stab           0x00000000c0101000        0x0 load address 0x0000000000101000
 *(.stab)
                0x00000000c0101000                . = ALIGN (0x1000)

.stabstr        0x00000000c0101000        0x0 load address 0x0000000000101000
 *(.stabstr)
                0x00000000c0101000                . = ALIGN (0x1000)
                [!provide]                        PROVIDE (_end = .)

/DISCARD/
 *(.comment)
 *(.eh_frame)
LOAD build/arch/i386/kernel/grub_head.o
LOAD build/arch/i386/kernel/head.o
OUTPUT(build/kernel.bin elf32-i386)

.debug_line     0x0000000000000000       0x94
 .debug_line    0x0000000000000000       0x4c build/arch/i386/kernel/grub_head.o
 .debug_line    0x000000000000004c       0x48 build/arch/i386/kernel/head.o

.debug_info     0x0000000000000000       0x4c
 .debug_info    0x0000000000000000       0x26 build/arch/i386/kernel/grub_head.o
 .debug_info    0x0000000000000026       0x26 build/arch/i386/kernel/head.o

.debug_abbrev   0x0000000000000000       0x28
 .debug_abbrev  0x0000000000000000       0x14 build/arch/i386/kernel/grub_head.o
 .debug_abbrev  0x0000000000000014       0x14 build/arch/i386/kernel/head.o

.debug_aranges  0x0000000000000000       0x40
 .debug_aranges
                0x0000000000000000       0x20 build/arch/i386/kernel/grub_head.o
 .debug_aranges
                0x0000000000000020       0x20 build/arch/i386/kernel/head.o

.debug_str      0x0000000000000000       0x59
 .debug_str     0x0000000000000000       0x41 build/arch/i386/kernel/grub_head.o
 .debug_str     0x0000000000000041       0x18 build/arch/i386/kernel/head.o
                                         0x3c (size before relaxing)
